// Jest Snapshot v1, https://goo.gl/fbAQLP

exports[`Parse input template 1`] = `
[
  {
    "XtendInstruction": {
      "bedingung": "referenceExpr != null-",
    },
  },
  {
    "TemplateText": "
  <assignment header="Reference">",
  },
  {
    "XtendInstruction": {
      "substitution": "referenceExpr",
    },
  },
  {
    "TemplateText": "</assignment>
",
  },
  {
    "XtendInstruction": "ENDIF",
  },
  {
    "TemplateText": "
</assign>
<jms jndiConnectionFactory="java:comp/env/jms/DashboardConnectionFactory" bytesMessage="true" timeToLive="",
  },
  {
    "XtendInstruction": {
      "substitution": "getDashboardMessageTimeToLive()",
    },
  },
  {
    "TemplateText": "">
  <jndiDestination>java:comp/env/jms/DashboardQueue</jndiDestination>
</jms>
</fork>
",
  },
  {
    "XtendInstruction": "ENDDEFINE",
  },
  {
    "TemplateText": "

",
  },
  {
    "XtendInstruction": {
      "define": "LogRejectedMessage(String mep, int nr, String text, String messageType, String errCode, String errMessage, String indent) FOR Environment-",
    },
  },
  {
    "TemplateText": "
",
  },
  {
    "XtendInstruction": "indent",
  },
  {
    "TemplateText": "			<setMessage clearAll="true">

  ",
  },
]
`;
