// Jest Snapshot v1, https://goo.gl/fbAQLP

exports[`generate ejs 1`] = `
{
  "ejs": "<%if (referenceExpr != null) {%>
    <assignment header="Reference"><%-referenceExpr%></assignment>
      <% } /* end-if */ %>
  </assign>
  <jms jndiConnectionFactory="java:comp/env/jms/DashboardConnectionFactory" bytesMessage="true" timeToLive="<%-getDashboardMessageTimeToLive()%>">
    <jndiDestination>java:comp/env/jms/DashboardQueue</jndiDestination>
  </jms>
  </fork>
  <% } /* end-define */ %>",
  "error": [],
  "instructions": [
    "Resolve "referenceExpr != null"",
    "[SUBSTITUTION] Check "referenceExpr"",
    "[SUBSTITUTION] Check "getDashboardMessageTimeToLive()"",
  ],
}
`;
